[dotenv@17.3.1] injecting env (8) from .env -- tip: ≡ƒ¢á∩╕Å  run anywhere with `dotenvx run -- yourcommand`
Testing gemini-1.5-flash...
node : Γ¥î Failed with 
gemini-1.5-flash: Status 
404 - [GoogleGenerativeAI 
Error]: Error fetching 
from https://generativelan
guage.googleapis.com/v1bet
a/models/gemini-1.5-flash:
generateContent: [404 Not 
Found] 
models/gemini-1.5-flash 
is not found for API 
version v1beta, or is not 
supported for 
generateContent. Call 
ListModels to see the 
list of available models 
and their supported 
methods.
At line:1 char:1
+ node test_minimal.js > 
test_output.txt 2>&1
+ ~~~~~~~~~~~~~~~~~~~~~~~~
~~~~~~~~~~~~~~~~~~~
    + CategoryInfo        
      : NotSpecified: (Γ  
  ¥î Failed with...port   
 ed methods.:String) [    
], RemoteException
    + FullyQualifiedError 
   Id : NativeCommandErr  
  or
 
Testing gemini-1.5-flash-latest...
Γ¥î Failed with 
gemini-1.5-flash-latest: 
Status 404 - 
[GoogleGenerativeAI 
Error]: Error fetching 
from https://generativelan
guage.googleapis.com/v1bet
a/models/gemini-1.5-flash-
latest:generateContent: 
[404 Not Found] models/gem
ini-1.5-flash-latest is 
not found for API version 
v1beta, or is not 
supported for 
generateContent. Call 
ListModels to see the 
list of available models 
and their supported 
methods.
Testing gemini-1.5-flash-001...
Γ¥î Failed with 
gemini-1.5-flash-001: 
Status 404 - 
[GoogleGenerativeAI 
Error]: Error fetching 
from https://generativelan
guage.googleapis.com/v1bet
a/models/gemini-1.5-flash-
001:generateContent: [404 
Not Found] models/gemini-1
.5-flash-001 is not found 
for API version v1beta, 
or is not supported for 
generateContent. Call 
ListModels to see the 
list of available models 
and their supported 
methods.
Testing gemini-1.5-pro...
Γ¥î Failed with 
gemini-1.5-pro: Status 
404 - [GoogleGenerativeAI 
Error]: Error fetching 
from https://generativelan
guage.googleapis.com/v1bet
a/models/gemini-1.5-pro:ge
nerateContent: [404 Not 
Found] 
models/gemini-1.5-pro is 
not found for API version 
v1beta, or is not 
supported for 
generateContent. Call 
ListModels to see the 
list of available models 
and their supported 
methods.
Testing gemini-1.5-pro-latest...
Γ¥î Failed with 
gemini-1.5-pro-latest: 
Status 404 - 
[GoogleGenerativeAI 
Error]: Error fetching 
from https://generativelan
guage.googleapis.com/v1bet
a/models/gemini-1.5-pro-la
test:generateContent: 
[404 Not Found] models/gem
ini-1.5-pro-latest is not 
found for API version 
v1beta, or is not 
supported for 
generateContent. Call 
ListModels to see the 
list of available models 
and their supported 
methods.
Testing gemini-1.5-pro-001...
Testing gemini-pro...
Γ¥î Failed with 
gemini-1.5-pro-001: 
Status 404 - 
[GoogleGenerativeAI 
Error]: Error fetching 
from https://generativelan
guage.googleapis.com/v1bet
a/models/gemini-1.5-pro-00
1:generateContent: [404 
Not Found] 
models/gemini-1.5-pro-001 
is not found for API 
version v1beta, or is not 
supported for 
generateContent. Call 
ListModels to see the 
list of available models 
and their supported 
methods.
Γ¥î Failed with 
gemini-pro: Status 404 - 
[GoogleGenerativeAI 
Error]: Error fetching 
from https://generativelan
guage.googleapis.com/v1bet
a/models/gemini-pro:genera
teContent: [404 Not 
Found] models/gemini-pro 
is not found for API 
version v1beta, or is not 
supported for 
generateContent. Call 
ListModels to see the 
list of available models 
and their supported 
methods.
Testing gemini-1.0-pro...
Γ¥î Failed with 
gemini-1.0-pro: Status 
404 - [GoogleGenerativeAI 
Error]: Error fetching 
from https://generativelan
guage.googleapis.com/v1bet
a/models/gemini-1.0-pro:ge
nerateContent: [404 Not 
Found] 
models/gemini-1.0-pro is 
not found for API version 
v1beta, or is not 
supported for 
generateContent. Call 
ListModels to see the 
list of available models 
and their supported 
methods.
